
Allocating common symbols
Common symbol       size              file

biggest_free_block  0x4               src/main.o
mem_left            0x4               src/main.o
heap                0x3e84            src/main.o
biggest_gap_index   0x4               src/main.o

Discarded input sections

 .group         0x0000000000000000        0xc src/main.o
 .group         0x0000000000000000        0xc src/main.o
 .group         0x0000000000000000        0xc src/main.o
 .group         0x0000000000000000        0xc src/main.o
 .group         0x0000000000000000        0xc src/main.o
 .group         0x0000000000000000        0xc src/main.o
 .reginfo       0x0000000000000000       0x18 src/main.o
 .MIPS.abiflags
                0x0000000000000000       0x18 src/main.o
 .reginfo       0x0000000000000000       0x18 src/head.o
 .MIPS.abiflags
                0x0000000000000000       0x18 src/head.o
 .group         0x0000000000000000        0xc src/debug/code.o
 .group         0x0000000000000000        0xc src/debug/code.o
 .reginfo       0x0000000000000000       0x18 src/debug/code.o
 .MIPS.abiflags
                0x0000000000000000       0x18 src/debug/code.o
 .debug_macro   0x0000000000000000      0x760 src/debug/code.o
 .debug_macro   0x0000000000000000       0x28 src/debug/code.o
 .group         0x0000000000000000        0xc src/debug/mm.o
 .group         0x0000000000000000        0xc src/debug/mm.o
 .reginfo       0x0000000000000000       0x18 src/debug/mm.o
 .MIPS.abiflags
                0x0000000000000000       0x18 src/debug/mm.o
 .debug_macro   0x0000000000000000      0x760 src/debug/mm.o
 .debug_macro   0x0000000000000000       0x28 src/debug/mm.o
 .group         0x0000000000000000        0xc src/lib/print.o
 .group         0x0000000000000000        0xc src/lib/print.o
 .group         0x0000000000000000        0xc src/lib/print.o
 .group         0x0000000000000000        0xc src/lib/print.o
 .group         0x0000000000000000        0xc src/lib/print.o
 .group         0x0000000000000000        0xc src/lib/print.o
 .reginfo       0x0000000000000000       0x18 src/lib/print.o
 .MIPS.abiflags
                0x0000000000000000       0x18 src/lib/print.o
 .debug_macro   0x0000000000000000      0x760 src/lib/print.o
 .debug_macro   0x0000000000000000       0x28 src/lib/print.o
 .debug_macro   0x0000000000000000       0x1c src/lib/print.o
 .debug_macro   0x0000000000000000       0x10 src/lib/print.o
 .group         0x0000000000000000        0xc src/lib/runtime.o
 .reginfo       0x0000000000000000       0x18 src/lib/runtime.o
 .MIPS.abiflags
                0x0000000000000000       0x18 src/lib/runtime.o
 .debug_macro   0x0000000000000000      0x760 src/lib/runtime.o
 .group         0x0000000000000000        0xc src/mm/heap.o
 .group         0x0000000000000000        0xc src/mm/heap.o
 .group         0x0000000000000000        0xc src/mm/heap.o
 .reginfo       0x0000000000000000       0x18 src/mm/heap.o
 .MIPS.abiflags
                0x0000000000000000       0x18 src/mm/heap.o
 .debug_macro   0x0000000000000000      0x760 src/mm/heap.o
 .debug_macro   0x0000000000000000       0x28 src/mm/heap.o
 .debug_macro   0x0000000000000000       0x16 src/mm/heap.o
 .group         0x0000000000000000        0xc tests/heap/stress/test.o
 .group         0x0000000000000000        0xc tests/heap/stress/test.o
 .group         0x0000000000000000        0xc tests/heap/stress/test.o
 .group         0x0000000000000000        0xc tests/heap/stress/test.o
 .group         0x0000000000000000        0xc tests/heap/stress/test.o
 .group         0x0000000000000000        0xc tests/heap/stress/test.o
 .group         0x0000000000000000        0xc tests/heap/stress/test.o
 .reginfo       0x0000000000000000       0x18 tests/heap/stress/test.o
 .MIPS.abiflags
                0x0000000000000000       0x18 tests/heap/stress/test.o
 .debug_macro   0x0000000000000000      0x760 tests/heap/stress/test.o
 .debug_macro   0x0000000000000000       0x28 tests/heap/stress/test.o
 .debug_macro   0x0000000000000000       0x1c tests/heap/stress/test.o
 .debug_macro   0x0000000000000000       0x1c tests/heap/stress/test.o
 .debug_macro   0x0000000000000000       0x34 tests/heap/stress/test.o
 .debug_macro   0x0000000000000000       0x16 tests/heap/stress/test.o

Memory Configuration

Name             Origin             Length             Attributes
*default*        0x0000000000000000 0xffffffffffffffff

Linker script and memory map

                [!provide]                        PROVIDE (_kernel_start = 0x80000000)

.kernel         0x0000000080000000     0x6960
 *(.excvec)
 .excvec        0x0000000080000000      0x438 src/head.o
                0x0000000080000000                exception_tlb_refill
                0x0000000080000100                exception_cache_error
                0x0000000080000180                exception_general
                0x0000000080000400                start
 *(.text .text.*)
 *fill*         0x0000000080000438        0x8 
 .text          0x0000000080000440       0x20 src/main.o
                0x0000000080000440                kernel_main
 .text          0x0000000080000460        0x0 src/head.o
 .text          0x0000000080000460       0x80 src/debug/code.o
                0x0000000080000460                debug_dump_function
 .text          0x00000000800004e0       0x50 src/debug/mm.o
                0x00000000800004e0                debug_get_base_memory_size
 .text          0x0000000080000530      0x7a0 src/lib/print.o
                0x0000000080000530                print_int
                0x00000000800005f8                printk
                0x0000000080000c74                print_string
                0x0000000080000c9c                puts
 .text          0x0000000080000cd0      0x320 src/lib/runtime.o
                0x0000000080000d70                __udivdi3
                0x0000000080000dd4                __umoddi3
                0x0000000080000e44                __divdi3
                0x0000000080000f34                __moddi3
 .text          0x0000000080000ff0      0x600 src/mm/heap.o
                0x0000000080000ff0                heap_init
                0x0000000080001074                push_first
                0x00000000800010d0                push_back
                0x000000008000127c                delete_chunk
                0x0000000080001300                kfree
                0x000000008000132c                print_array
                0x00000000800013c4                count_biggest_free_block
                0x00000000800014d4                kmalloc
 .text          0x00000000800015f0      0x7f0 tests/heap/stress/test.o
                0x0000000080001820                kernel_test
 *(.data)
 .data          0x0000000080001de0        0x0 src/main.o
 .data          0x0000000080001de0        0x0 src/head.o
 .data          0x0000000080001de0        0x0 src/debug/code.o
 .data          0x0000000080001de0        0x0 src/debug/mm.o
 .data          0x0000000080001de0        0x0 src/lib/print.o
 .data          0x0000000080001de0        0x0 src/lib/runtime.o
 .data          0x0000000080001de0        0x0 src/mm/heap.o
 .data          0x0000000080001de0      0x190 tests/heap/stress/test.o
 *(.rodata .rodata.*)
 .rodata.str1.4
                0x0000000080001f70       0x1b src/debug/code.o
                                         0x1c (size before relaxing)
 *fill*         0x0000000080001f8b        0x1 
 .rodata.str1.4
                0x0000000080001f8c       0x39 src/lib/print.o
                                         0x3c (size before relaxing)
 *fill*         0x0000000080001fc5        0x3 
 .rodata.str1.4
                0x0000000080001fc8      0x143 src/mm/heap.o
                                        0x144 (size before relaxing)
 *fill*         0x000000008000210b        0x1 
 .rodata.str1.4
                0x000000008000210c      0x9b4 tests/heap/stress/test.o
 *(.bss .bss.*)
 .bss           0x0000000080002ac0        0x0 src/main.o
 .bss           0x0000000080002ac0        0x0 src/head.o
 .bss           0x0000000080002ac0        0x0 src/debug/code.o
 .bss           0x0000000080002ac0        0x0 src/debug/mm.o
 .bss           0x0000000080002ac0        0x0 src/lib/print.o
 .bss           0x0000000080002ac0        0x0 src/lib/runtime.o
 .bss           0x0000000080002ac0        0x0 src/mm/heap.o
 .bss           0x0000000080002ac0       0x10 tests/heap/stress/test.o
 *(COMMON)
 COMMON         0x0000000080002ad0     0x3e90 src/main.o
                0x0000000080002ad0                biggest_free_block
                0x0000000080002ad4                mem_left
                0x0000000080002ad8                heap
                0x000000008000695c                biggest_gap_index
                0x0000000080006960                _kernel_end = .

.stab
 *(.stab)

.stabstr
 *(.stabstr)

.stab.excl
 *(.stab.excl)

.stab.exclstr
 *(.stab.exclstr)

.stab.index
 *(.stab.index)

.stab.indexstr
 *(.stab.indexstr)

.comment        0x0000000000000000       0x20
 *(.comment)
 .comment       0x0000000000000000       0x20 src/main.o
                                         0x21 (size before relaxing)
 .comment       0x0000000000000020       0x21 src/debug/code.o
 .comment       0x0000000000000020       0x21 src/debug/mm.o
 .comment       0x0000000000000020       0x21 src/lib/print.o
 .comment       0x0000000000000020       0x21 src/lib/runtime.o
 .comment       0x0000000000000020       0x21 src/mm/heap.o
 .comment       0x0000000000000020       0x21 tests/heap/stress/test.o

.pdr            0x0000000000000000      0x340
 .pdr           0x0000000000000000       0x20 src/main.o
 .pdr           0x0000000000000020       0x80 src/head.o
 .pdr           0x00000000000000a0       0x20 src/debug/code.o
 .pdr           0x00000000000000c0       0x20 src/debug/mm.o
 .pdr           0x00000000000000e0       0x80 src/lib/print.o
 .pdr           0x0000000000000160       0xa0 src/lib/runtime.o
 .pdr           0x0000000000000200      0x100 src/mm/heap.o
 .pdr           0x0000000000000300       0x40 tests/heap/stress/test.o

.mdebug.abi32   0x0000000000000000        0x0
 .mdebug.abi32  0x0000000000000000        0x0 src/main.o
 .mdebug.abi32  0x0000000000000000        0x0 src/debug/code.o
 .mdebug.abi32  0x0000000000000000        0x0 src/debug/mm.o
 .mdebug.abi32  0x0000000000000000        0x0 src/lib/print.o
 .mdebug.abi32  0x0000000000000000        0x0 src/lib/runtime.o
 .mdebug.abi32  0x0000000000000000        0x0 src/mm/heap.o
 .mdebug.abi32  0x0000000000000000        0x0 tests/heap/stress/test.o

.debug
 *(.debug)

.line
 *(.line)

.debug_srcinfo
 *(.debug_srcinfo)

.debug_sfnames
 *(.debug_sfnames)

.debug_aranges  0x0000000000000000      0x100
 *(.debug_aranges)
 .debug_aranges
                0x0000000000000000       0x20 src/main.o
 .debug_aranges
                0x0000000000000020       0x20 src/head.o
 .debug_aranges
                0x0000000000000040       0x20 src/debug/code.o
 .debug_aranges
                0x0000000000000060       0x20 src/debug/mm.o
 .debug_aranges
                0x0000000000000080       0x20 src/lib/print.o
 .debug_aranges
                0x00000000000000a0       0x20 src/lib/runtime.o
 .debug_aranges
                0x00000000000000c0       0x20 src/mm/heap.o
 .debug_aranges
                0x00000000000000e0       0x20 tests/heap/stress/test.o

.debug_pubnames
 *(.debug_pubnames)

.debug_info     0x0000000000000000     0x2f27
 *(.debug_info .gnu.linkonce.wi.*)
 .debug_info    0x0000000000000000      0x1a1 src/main.o
 .debug_info    0x00000000000001a1       0x26 src/head.o
 .debug_info    0x00000000000001c7      0x16e src/debug/code.o
 .debug_info    0x0000000000000335       0xf9 src/debug/mm.o
 .debug_info    0x000000000000042e      0xe31 src/lib/print.o
 .debug_info    0x000000000000125f      0x4ac src/lib/runtime.o
 .debug_info    0x000000000000170b      0x682 src/mm/heap.o
 .debug_info    0x0000000000001d8d     0x119a tests/heap/stress/test.o

.debug_abbrev   0x0000000000000000      0xcee
 *(.debug_abbrev)
 .debug_abbrev  0x0000000000000000      0x10f src/main.o
 .debug_abbrev  0x000000000000010f       0x14 src/head.o
 .debug_abbrev  0x0000000000000123       0xc5 src/debug/code.o
 .debug_abbrev  0x00000000000001e8       0x91 src/debug/mm.o
 .debug_abbrev  0x0000000000000279      0x2af src/lib/print.o
 .debug_abbrev  0x0000000000000528      0x1a7 src/lib/runtime.o
 .debug_abbrev  0x00000000000006cf      0x269 src/mm/heap.o
 .debug_abbrev  0x0000000000000938      0x3b6 tests/heap/stress/test.o

.debug_line     0x0000000000000000     0x25b7
 *(.debug_line)
 .debug_line    0x0000000000000000      0x244 src/main.o
 .debug_line    0x0000000000000244       0x89 src/head.o
 .debug_line    0x00000000000002cd      0x1f5 src/debug/code.o
 .debug_line    0x00000000000004c2      0x174 src/debug/mm.o
 .debug_line    0x0000000000000636      0xbc4 src/lib/print.o
 .debug_line    0x00000000000011fa      0x33f src/lib/runtime.o
 .debug_line    0x0000000000001539      0x64e src/mm/heap.o
 .debug_line    0x0000000000001b87      0xa30 tests/heap/stress/test.o

.debug_frame    0x0000000000000000      0x360
 *(.debug_frame)
 .debug_frame   0x0000000000000000       0x2c src/main.o
 .debug_frame   0x000000000000002c       0x38 src/debug/code.o
 .debug_frame   0x0000000000000064       0x20 src/debug/mm.o
 .debug_frame   0x0000000000000084       0x7c src/lib/print.o
 .debug_frame   0x0000000000000100       0xa4 src/lib/runtime.o
 .debug_frame   0x00000000000001a4      0x138 src/mm/heap.o
 .debug_frame   0x00000000000002dc       0x84 tests/heap/stress/test.o

.debug_str      0x0000000000000000     0x3357
 *(.debug_str)
 .debug_str     0x0000000000000000     0x25c9 src/main.o
                                       0x2695 (size before relaxing)
 .debug_str     0x00000000000025c9       0x61 src/head.o
                                         0xaf (size before relaxing)
 .debug_str     0x000000000000262a       0xa4 src/debug/code.o
                                       0x22bd (size before relaxing)
 .debug_str     0x00000000000026ce       0x8b src/debug/mm.o
                                       0x22b8 (size before relaxing)
 .debug_str     0x0000000000002759      0x40d src/lib/print.o
                                       0x26e6 (size before relaxing)
 .debug_str     0x0000000000002b66       0xcf src/lib/runtime.o
                                       0x21bc (size before relaxing)
 .debug_str     0x0000000000002c35      0x155 src/mm/heap.o
                                       0x2468 (size before relaxing)
 .debug_str     0x0000000000002d8a      0x5cd tests/heap/stress/test.o
                                       0x2e70 (size before relaxing)

.debug_loc      0x0000000000000000     0x220b
 *(.debug_loc)
 .debug_loc     0x0000000000000000       0xea src/debug/code.o
 .debug_loc     0x00000000000000ea       0x46 src/debug/mm.o
 .debug_loc     0x0000000000000130      0xc5e src/lib/print.o
 .debug_loc     0x0000000000000d8e      0x612 src/lib/runtime.o
 .debug_loc     0x00000000000013a0      0x510 src/mm/heap.o
 .debug_loc     0x00000000000018b0      0x95b tests/heap/stress/test.o

.debug_macinfo
 *(.debug_macinfo)

.debug_weaknames
 *(.debug_weaknames)

.debug_funcnames
 *(.debug_funcnames)

.debug_typenames
 *(.debug_typenames)

.debug_varnames
 *(.debug_varnames)

.debug_pubtypes
 *(.debug_pubtypes)

.debug_ranges   0x0000000000000000      0x9a0
 *(.debug_ranges)
 .debug_ranges  0x0000000000000000       0x10 src/debug/mm.o
 .debug_ranges  0x0000000000000010      0x288 src/lib/print.o
 .debug_ranges  0x0000000000000298      0x188 src/lib/runtime.o
 .debug_ranges  0x0000000000000420       0x88 src/mm/heap.o
 .debug_ranges  0x00000000000004a8      0x4f8 tests/heap/stress/test.o

.gnu.attributes
                0x0000000000000000       0x10
 *(.gnu.attributes)
 .gnu.attributes
                0x0000000000000000       0x10 src/main.o
 .gnu.attributes
                0x0000000000000010       0x10 src/head.o
 .gnu.attributes
                0x0000000000000020       0x10 src/debug/code.o
 .gnu.attributes
                0x0000000000000030       0x10 src/debug/mm.o
 .gnu.attributes
                0x0000000000000040       0x10 src/lib/print.o
 .gnu.attributes
                0x0000000000000050       0x10 src/lib/runtime.o
 .gnu.attributes
                0x0000000000000060       0x10 src/mm/heap.o
 .gnu.attributes
                0x0000000000000070       0x10 tests/heap/stress/test.o

/DISCARD/
 *(.eh_frame)
 *(.reginfo)
 *(.MIPS.abiflags)
LOAD src/main.o
LOAD src/head.o
LOAD src/debug/code.o
LOAD src/debug/mm.o
LOAD src/lib/print.o
LOAD src/lib/runtime.o
LOAD src/mm/heap.o
LOAD tests/heap/stress/test.o
OUTPUT(kernel.raw elf32-tradlittlemips)

.debug_macro    0x0000000000000000      0xa53
 .debug_macro   0x0000000000000000       0x6c src/main.o
 .debug_macro   0x000000000000006c      0x760 src/main.o
 .debug_macro   0x00000000000007cc       0x10 src/main.o
 .debug_macro   0x00000000000007dc       0x28 src/main.o
 .debug_macro   0x0000000000000804       0x1c src/main.o
 .debug_macro   0x0000000000000820       0x34 src/main.o
 .debug_macro   0x0000000000000854       0x16 src/main.o
 .debug_macro   0x000000000000086a       0x2e src/debug/code.o
 .debug_macro   0x0000000000000898       0x2e src/debug/mm.o
 .debug_macro   0x00000000000008c6       0x62 src/lib/print.o
 .debug_macro   0x0000000000000928       0x1c src/lib/print.o
 .debug_macro   0x0000000000000944       0x22 src/lib/print.o
 .debug_macro   0x0000000000000966       0x1b src/lib/runtime.o
 .debug_macro   0x0000000000000981       0x4b src/mm/heap.o
 .debug_macro   0x00000000000009cc       0x71 tests/heap/stress/test.o
 .debug_macro   0x0000000000000a3d       0x16 tests/heap/stress/test.o
